── tests/test_rc9_2_1_engine_name_resolution.py
Ran 9 tests in 1.696s

OK
── tests/test_rc9_2_1_orchestration_integrity.py
Ran 35 tests in 0.246s

OK
── tests/test_rc9_2_1_phase_c_integrity.py
Ran 17 tests in 0.207s

OK
── tests/test_rc9_2_1_production_identity.py
Ran 11 tests in 0.068s

OK
── tests/test_rc9_2_1_regression_lab_integrity.py
Ran 18 tests in 0.671s

OK
── tests/test_rc9_2_1_rule_semantics.py
Ran 85 tests in 1.328s

OK
── tests/test_rc9_2_1_selector_integrity.py
Ran 102 tests in 0.096s

OK
── tests/test_rc9_2_1_tooling_integrity.py
Ran 70 tests in 0.046s

OK (skipped=4)
── tests/test_rc9_2_1_validator_parity.py
Ran 46 tests in 1.081s

OK
── tests/test_rc9_2_2_production_hardening.py
Ran 49 tests in 1.862s

OK
── tests/test_rc9_2_3_max_coverage_hardening.py
Ran 11 tests in 0.065s

OK
── engine selfcheck
   engine selfcheck OK
── wrapper selfcheck
   wrapper selfcheck OK
── undefined-name sweep
   undefined-name sweep OK

GATE PASS — 11 suite(s) + 2 selfchecks + undefined-name sweep
EXIT 0
