── tests/test_rc9_2_1_engine_name_resolution.py
Ran 9 tests in 2.241s

OK
── tests/test_rc9_2_1_orchestration_integrity.py
Ran 33 tests in 0.343s

OK
── tests/test_rc9_2_1_phase_c_integrity.py
Ran 17 tests in 0.331s

OK
── tests/test_rc9_2_1_production_identity.py
Ran 11 tests in 0.097s

OK
── tests/test_rc9_2_1_regression_lab_integrity.py
Ran 18 tests in 0.387s

OK
── tests/test_rc9_2_1_rule_semantics.py
Ran 115 tests in 4.882s

OK
── tests/test_rc9_2_1_selector_integrity.py
Ran 109 tests in 0.101s

OK
── tests/test_rc9_2_1_tooling_integrity.py
Ran 73 tests in 1.703s

OK
── tests/test_rc9_2_1_validator_parity.py
Ran 46 tests in 1.049s

OK
── tests_staged/test_engine_logic_checks.py
Ran 42 tests in 0.004s

OK
── tests_staged/test_rc9_2_10_language_reserve_validation.py
Ran 10 tests in 0.070s

OK
── tests_staged/test_rc9_2_11_time_arithmetic.py
Ran 15 tests in 2.291s

OK
── tests_staged/test_rc9_2_12_formula_audit_fixes.py
Ran 16 tests in 2.850s

OK
── tests_staged/test_rc9_2_13_f1_exact_stage2_hits.py
Ran 7 tests in 0.123s

OK
── tests_staged/test_rc9_2_14_probe_retry.py
Ran 10 tests in 0.008s

OK
── tests_staged/test_rc9_2_15_capacity_and_starved_stage1.py
Ran 14 tests in 8.481s

OK
── tests_staged/test_rc9_2_16_stage2_parallel.py
Ran 4 tests in 38.294s

OK
── tests_staged/test_rc9_2_17_day_neighbourhood_break_search.py
Ran 16 tests in 34.431s

OK
── tests_staged/test_rc9_2_18_seed_portfolio.py
Ran 8 tests in 0.013s

OK
── tests_staged/test_rc9_2_19_joint_solve_isolation.py
Ran 16 tests in 17.150s

OK
── tests_staged/test_rc9_2_20_depth_presets.py
Ran 10 tests in 0.010s

OK
── tests_staged/test_rc9_2_21_joint_refinement_removed.py
Ran 5 tests in 0.014s

OK
── tests_staged/test_rc9_2_22_stage1_profile_rotation.py
Ran 8 tests in 0.039s

OK
── tests_staged/test_rc9_2_23_break_load_feedback.py
Ran 7 tests in 140.097s

OK
── tests_staged/test_rc9_2_4_b9_metric_coverage.py
Ran 10 tests in 0.170s

OK (skipped=2)
── tests_staged/test_rc9_2_5_joint_bound_shape.py
Ran 3 tests in 0.014s

OK
── tests_staged/test_rc9_2_6_solver_telemetry.py
Ran 5 tests in 0.073s

OK
── tests_staged/test_rc9_2_7_solver_limits.py
Ran 6 tests in 0.030s

OK
── tests_staged/test_rc9_2_8_joint_default.py
Ran 5 tests in 0.030s

OK
── tests_staged/test_rc9_2_9_employee_quality_validation.py
Ran 9 tests in 0.005s

OK
── engine selfcheck
   engine selfcheck OK
── wrapper selfcheck
   wrapper selfcheck OK
── cross-module call signatures
   cross-module call signatures OK
── undefined-name sweep
   undefined-name sweep OK

GATE PASS — 30 suite(s) + 2 selfchecks + cross-module call signatures + undefined-name sweep
EXIT 0
